// Jest Snapshot v1, https://goo.gl/fbAQLP

exports[`pruebas en <AddCategory />  debe hacer match con snapshot 1`] = `
<div>
  <form
    aria-label="form"
  >
    <input
      name="category"
      placeholder="Buscar Gifs"
      type="text"
      value=""
    />
  </form>
</div>
`;
