// Jest Snapshot v1, https://goo.gl/fbAQLP

exports[`pruebas en <GifItem /> debe hacer match con snapshot 1`] = `
<div>
  <div
    class="card"
  >
    <img
      alt="betis"
      src="https://betis.com/plantilla.jpg"
    />
    <p>
      betis
    </p>
  </div>
</div>
`;
